#options: 2126x1196 fps=16/1 timebase=1/16 bitdepth=8 cabac=1 ref=1 deblock=1:0:0 analyse=0x1:0 me=dia subme=2 psy=1 psy_rd=1.00:0.00 mixed_ref=0 me_range=16 chroma_me=1 trellis=0 8x8dct=0 cqm=0 deadzone=21,11 fast_pskip=1 chroma_qp_offset=0 threads=37 lookahead_threads=9 sliced_threads=0 nr=0 decimate=1 interlaced=0 bluray_compat=0 constrained_intra=0 bframes=3 b_pyramid=2 b_adapt=1 b_bias=0 direct=1 weightb=1 open_gop=0 weightp=2 keyint=250 keyint_min=16 scenecut=40 intra_refresh=0 rc_lookahead=40 rc=abr mbtree=1 bitrate=810 ratetol=1.0 qcomp=0.60 qpmin=0 qpmax=69 qpstep=4 ip_ratio=1.40 aq=1:1.00
in:0 out:0 type:I dur:2 cpbdur:2 q:34.59 aq:23.36 tex:1005618 mv:113569 misc:421 imb:9975 pmb:0 smb:0 d:- ref:;
in:4 out:1 type:P dur:2 cpbdur:2 q:40.43 aq:35.37 tex:215402 mv:18001 misc:5165 imb:1768 pmb:1321 smb:6886 d:- ref:0 ;
in:2 out:2 type:B dur:2 cpbdur:2 q:40.43 aq:42.59 tex:100002 mv:18253 misc:4977 imb:455 pmb:1971 smb:7549 d:- ref:0 ;
in:1 out:3 type:b dur:2 cpbdur:2 q:40.43 aq:43.60 tex:89910 mv:16492 misc:4558 imb:378 pmb:1855 smb:7742 d:- ref:0 ;
in:3 out:4 type:b dur:2 cpbdur:2 q:40.43 aq:43.75 tex:69818 mv:16591 misc:4431 imb:327 pmb:1701 smb:7947 d:- ref:0 ;
in:8 out:5 type:P dur:2 cpbdur:2 q:40.59 aq:35.09 tex:199071 mv:17283 misc:4502 imb:1811 pmb:1171 smb:6993 d:- ref:0 ;
in:6 out:6 type:B dur:2 cpbdur:2 q:40.51 aq:42.16 tex:86410 mv:18004 misc:4746 imb:339 pmb:1857 smb:7779 d:- ref:0 ;
in:5 out:7 type:b dur:2 cpbdur:2 q:40.47 aq:42.19 tex:60182 mv:16374 misc:4396 imb:339 pmb:1590 smb:8046 d:- ref:0 ;
in:7 out:8 type:b dur:2 cpbdur:2 q:40.55 aq:43.02 tex:51811 mv:14866 misc:4203 imb:266 pmb:1504 smb:8205 d:- ref:0 ;
in:12 out:9 type:P dur:2 cpbdur:2 q:40.59 aq:36.33 tex:205947 mv:16309 misc:4704 imb:1111 pmb:1221 smb:7643 d:- ref:0 ;
in:10 out:10 type:B dur:2 cpbdur:2 q:40.59 aq:41.74 tex:60549 mv:16638 misc:4325 imb:282 pmb:1617 smb:8076 d:- ref:0 ;
in:9 out:11 type:b dur:2 cpbdur:2 q:40.59 aq:42.74 tex:45481 mv:13653 misc:4106 imb:191 pmb:1376 smb:8408 d:- ref:0 ;
in:11 out:12 type:b dur:2 cpbdur:2 q:40.59 aq:42.51 tex:33714 mv:12383 misc:3951 imb:157 pmb:1265 smb:8553 d:- ref:0 ;
in:16 out:13 type:P dur:2 cpbdur:2 q:40.59 aq:35.98 tex:173153 mv:14840 misc:4455 imb:901 pmb:1237 smb:7837 d:- ref:0 ;
in:14 out:14 type:B dur:2 cpbdur:2 q:40.59 aq:42.76 tex:44837 mv:12719 misc:4076 imb:164 pmb:1409 smb:8402 d:- ref:0 ;
in:13 out:15 type:b dur:2 cpbdur:2 q:40.59 aq:44.21 tex:37884 mv:11880 misc:3748 imb:173 pmb:1183 smb:8619 d:- ref:0 ;
in:15 out:16 type:b dur:2 cpbdur:2 q:40.59 aq:41.91 tex:23066 mv:8433 misc:2669 imb:96 pmb:826 smb:9053 d:- ref:0 ;
in:20 out:17 type:P dur:2 cpbdur:2 q:40.59 aq:35.94 tex:117402 mv:13104 misc:3918 imb:731 pmb:1129 smb:8115 d:- ref:0 ;
in:18 out:18 type:B dur:2 cpbdur:2 q:40.59 aq:41.74 tex:38634 mv:11100 misc:3258 imb:95 pmb:1107 smb:8773 d:- ref:0 ;
in:17 out:19 type:b dur:2 cpbdur:2 q:40.59 aq:43.68 tex:20396 mv:8044 misc:2672 imb:66 pmb:777 smb:9132 d:- ref:0 ;
in:19 out:20 type:b dur:2 cpbdur:2 q:40.59 aq:44.41 tex:18697 mv:6834 misc:2613 imb:45 pmb:731 smb:9199 d:- ref:0 ;
in:24 out:21 type:P dur:2 cpbdur:2 q:40.35 aq:37.95 tex:155945 mv:14834 misc:4101 imb:713 pmb:1373 smb:7889 d:- ref:0 ;
in:22 out:22 type:B dur:2 cpbdur:2 q:40.47 aq:41.45 tex:47370 mv:14343 misc:3783 imb:159 pmb:1336 smb:8480 d:- ref:0 ;
in:21 out:23 type:b dur:2 cpbdur:2 q:40.53 aq:43.70 tex:28058 mv:10555 misc:3307 imb:76 pmb:1061 smb:8838 d:- ref:0 ;
in:23 out:24 type:b dur:2 cpbdur:2 q:40.41 aq:43.74 tex:28596 mv:9743 misc:3165 imb:86 pmb:977 smb:8912 d:- ref:0 ;
in:28 out:25 type:P dur:2 cpbdur:2 q:40.04 aq:35.42 tex:149627 mv:13380 misc:3793 imb:740 pmb:1149 smb:8086 d:- ref:0 ;
in:26 out:26 type:B dur:2 cpbdur:2 q:40.20 aq:41.13 tex:42376 mv:12501 misc:3291 imb:152 pmb:1111 smb:8712 d:- ref:0 ;
in:25 out:27 type:b dur:2 cpbdur:2 q:40.28 aq:42.30 tex:25640 mv:8583 misc:3081 imb:104 pmb:888 smb:8983 d:- ref:0 ;
in:27 out:28 type:b dur:2 cpbdur:2 q:40.12 aq:42.82 tex:22702 mv:7719 misc:2691 imb:79 pmb:746 smb:9150 d:- ref:0 ;
in:32 out:29 type:P dur:2 cpbdur:2 q:39.73 aq:35.36 tex:138465 mv:12336 misc:3823 imb:500 pmb:1200 smb:8275 d:- ref:0 ;
in:30 out:30 type:B dur:2 cpbdur:2 q:39.88 aq:41.59 tex:39363 mv:10680 misc:3197 imb:87 pmb:1084 smb:8804 d:- ref:0 ;
in:29 out:31 type:b dur:2 cpbdur:2 q:39.96 aq:42.58 tex:26061 mv:7288 misc:2627 imb:77 pmb:755 smb:9143 d:- ref:0 ;
in:31 out:32 type:b dur:2 cpbdur:2 q:39.81 aq:44.15 tex:24870 mv:6557 misc:2557 imb:54 pmb:721 smb:9200 d:- ref:0 ;
in:36 out:33 type:P dur:2 cpbdur:2 q:39.44 aq:34.83 tex:166030 mv:14716 misc:4206 imb:736 pmb:1334 smb:7905 d:- ref:0 ;
in:34 out:34 type:B dur:2 cpbdur:2 q:39.58 aq:41.11 tex:46310 mv:11538 misc:3344 imb:134 pmb:1143 smb:8698 d:- ref:0 ;
in:33 out:35 type:b dur:2 cpbdur:2 q:39.65 aq:43.58 tex:25073 mv:6758 misc:2625 imb:58 pmb:763 smb:9154 d:- ref:0 ;
in:35 out:36 type:b dur:2 cpbdur:2 q:39.51 aq:42.58 tex:25757 mv:7320 misc:2803 imb:74 pmb:831 smb:9070 d:- ref:0 ;
in:40 out:37 type:P dur:2 cpbdur:2 q:47.44 aq:42.38 tex:40702 mv:10648 misc:3570 imb:449 pmb:962 smb:8564 d:- ref:0 ;
in:38 out:38 type:B dur:2 cpbdur:2 q:43.44 aq:44.18 tex:17352 mv:8963 misc:3029 imb:96 pmb:928 smb:8951 d:- ref:0 ;
in:37 out:39 type:b dur:2 cpbdur:2 q:41.44 aq:45.34 tex:19522 mv:7484 misc:2778 imb:88 pmb:772 smb:9115 d:- ref:0 ;
in:39 out:40 type:b dur:2 cpbdur:2 q:45.44 aq:46.25 tex:6297 mv:4165 misc:2130 imb:53 pmb:456 smb:9466 d:- ref:0 ;
in:44 out:41 type:P dur:2 cpbdur:2 q:55.44 aq:46.49 tex:20488 mv:7422 misc:3074 imb:410 pmb:635 smb:8930 d:- ref:0 ;
in:42 out:42 type:B dur:2 cpbdur:2 q:51.44 aq:49.10 tex:8111 mv:5299 misc:2614 imb:50 pmb:668 smb:9257 d:- ref:0 ;
in:41 out:43 type:b dur:2 cpbdur:2 q:49.44 aq:46.69 tex:7328 mv:4445 misc:2075 imb:63 pmb:477 smb:9435 d:- ref:0 ;
in:43 out:44 type:b dur:2 cpbdur:2 q:53.44 aq:50.96 tex:6772 mv:3395 misc:1841 imb:25 pmb:435 smb:9515 d:- ref:0 ;
in:48 out:45 type:P dur:2 cpbdur:2 q:54.54 aq:48.25 tex:17646 mv:6240 misc:2962 imb:291 pmb:604 smb:9080 d:- ref:0 ;
in:46 out:46 type:B dur:2 cpbdur:2 q:54.99 aq:50.84 tex:7767 mv:4187 misc:2294 imb:22 pmb:539 smb:9414 d:- ref:0 ;
in:45 out:47 type:b dur:2 cpbdur:2 q:55.22 aq:51.00 tex:5926 mv:3210 misc:1944 imb:22 pmb:421 smb:9532 d:- ref:0 ;
in:47 out:48 type:b dur:2 cpbdur:2 q:54.77 aq:50.99 tex:6506 mv:2824 misc:1854 imb:16 pmb:396 smb:9563 d:- ref:0 ;
in:52 out:49 type:P dur:2 cpbdur:2 q:53.61 aq:46.93 tex:18621 mv:6659 misc:3264 imb:379 pmb:548 smb:9048 d:- ref:0 ;
in:50 out:50 type:B dur:2 cpbdur:2 q:54.08 aq:50.35 tex:6392 mv:3502 misc:2266 imb:37 pmb:447 smb:9491 d:- ref:0 ;
in:49 out:51 type:b dur:2 cpbdur:2 q:54.31 aq:50.99 tex:6139 mv:2879 misc:1902 imb:12 pmb:394 smb:9569 d:- ref:0 ;
in:51 out:52 type:b dur:2 cpbdur:2 q:53.85 aq:50.12 tex:4760 mv:1784 misc:1608 imb:13 pmb:262 smb:9700 d:- ref:0 ;
in:56 out:53 type:P dur:2 cpbdur:2 q:52.62 aq:46.84 tex:16413 mv:6101 misc:3358 imb:242 pmb:598 smb:9135 d:- ref:0 ;
in:54 out:54 type:B dur:2 cpbdur:2 q:53.12 aq:50.86 tex:6324 mv:2751 misc:1997 imb:20 pmb:372 smb:9583 d:- ref:0 ;
in:53 out:55 type:b dur:2 cpbdur:2 q:53.36 aq:50.70 tex:5803 mv:2033 misc:1740 imb:11 pmb:301 smb:9663 d:- ref:0 ;
in:55 out:56 type:b dur:2 cpbdur:2 q:52.87 aq:50.99 tex:4651 mv:1684 misc:1529 imb:9 pmb:250 smb:9716 d:- ref:0 ;
in:60 out:57 type:P dur:2 cpbdur:2 q:51.52 aq:46.93 tex:19958 mv:6346 misc:3488 imb:214 pmb:701 smb:9060 d:- ref:0 ;
in:58 out:58 type:B dur:2 cpbdur:2 q:52.07 aq:49.83 tex:6622 mv:2650 misc:1952 imb:44 pmb:320 smb:9611 d:- ref:0 ;
in:57 out:59 type:b dur:2 cpbdur:2 q:52.34 aq:50.99 tex:4771 mv:1751 misc:1566 imb:12 pmb:246 smb:9717 d:- ref:0 ;
in:59 out:60 type:b dur:2 cpbdur:2 q:51.79 aq:50.98 tex:4123 mv:1437 misc:1408 imb:12 pmb:217 smb:9746 d:- ref:0 ;
in:64 out:61 type:P dur:2 cpbdur:2 q:50.90 aq:45.31 tex:18558 mv:5751 misc:3363 imb:231 pmb:607 smb:9137 d:- ref:0 ;
in:62 out:62 type:B dur:2 cpbdur:2 q:51.21 aq:49.99 tex:6402 mv:2213 misc:1745 imb:24 pmb:307 smb:9644 d:- ref:0 ;
in:61 out:63 type:b dur:2 cpbdur:2 q:51.36 aq:50.66 tex:4061 mv:1501 misc:1462 imb:8 pmb:230 smb:9737 d:- ref:0 ;
in:63 out:64 type:b dur:2 cpbdur:2 q:51.05 aq:50.88 tex:4512 mv:1598 misc:1410 imb:15 pmb:219 smb:9741 d:- ref:0 ;
in:68 out:65 type:P dur:2 cpbdur:2 q:50.30 aq:45.15 tex:18184 mv:4890 misc:3102 imb:183 pmb:573 smb:9219 d:- ref:0 ;
in:66 out:66 type:B dur:2 cpbdur:2 q:50.60 aq:48.46 tex:6470 mv:2248 misc:1714 imb:35 pmb:293 smb:9647 d:- ref:0 ;
in:65 out:67 type:b dur:2 cpbdur:2 q:50.75 aq:50.72 tex:3770 mv:1450 misc:1428 imb:10 pmb:227 smb:9738 d:- ref:0 ;
in:67 out:68 type:b dur:2 cpbdur:2 q:50.45 aq:50.19 tex:3993 mv:1516 misc:1395 imb:16 pmb:214 smb:9745 d:- ref:0 ;
in:72 out:69 type:P dur:2 cpbdur:2 q:49.71 aq:44.46 tex:19089 mv:5690 misc:3445 imb:199 pmb:678 smb:9098 d:- ref:0 ;
in:70 out:70 type:B dur:2 cpbdur:2 q:50.00 aq:47.80 tex:4717 mv:2057 misc:1666 imb:24 pmb:273 smb:9678 d:- ref:0 ;
in:69 out:71 type:b dur:2 cpbdur:2 q:50.15 aq:46.88 tex:4103 mv:1438 misc:1419 imb:11 pmb:224 smb:9740 d:- ref:0 ;
in:71 out:72 type:b dur:2 cpbdur:2 q:49.85 aq:50.56 tex:4261 mv:1283 misc:1296 imb:19 pmb:180 smb:9776 d:- ref:0 ;
in:76 out:73 type:P dur:2 cpbdur:2 q:49.28 aq:44.68 tex:16609 mv:4711 misc:2880 imb:165 pmb:533 smb:9277 d:- ref:0 ;
in:74 out:74 type:B dur:2 cpbdur:2 q:49.49 aq:47.83 tex:4478 mv:1860 misc:1526 imb:20 pmb:255 smb:9700 d:- ref:0 ;
in:73 out:75 type:b dur:2 cpbdur:2 q:49.60 aq:50.73 tex:3797 mv:1260 misc:1263 imb:10 pmb:185 smb:9780 d:- ref:0 ;
in:75 out:76 type:b dur:2 cpbdur:2 q:49.39 aq:50.57 tex:3048 mv:1158 misc:1266 imb:10 pmb:184 smb:9781 d:- ref:0 ;
in:80 out:77 type:P dur:2 cpbdur:2 q:48.63 aq:43.77 tex:27476 mv:5951 misc:3589 imb:245 pmb:726 smb:9004 d:- ref:0 ;
in:78 out:78 type:B dur:2 cpbdur:2 q:48.95 aq:49.49 tex:5397 mv:2148 misc:1655 imb:37 pmb:279 smb:9659 d:- ref:0 ;
in:77 out:79 type:b dur:2 cpbdur:2 q:49.12 aq:49.51 tex:4398 mv:1727 misc:1539 imb:16 pmb:241 smb:9718 d:- ref:0 ;
in:79 out:80 type:b dur:2 cpbdur:2 q:48.79 aq:50.27 tex:4301 mv:1292 misc:1359 imb:12 pmb:208 smb:9755 d:- ref:0 ;
in:84 out:81 type:P dur:2 cpbdur:2 q:48.25 aq:43.89 tex:27362 mv:6321 misc:3685 imb:251 pmb:721 smb:9003 d:- ref:0 ;
in:82 out:82 type:B dur:2 cpbdur:2 q:48.44 aq:45.25 tex:6145 mv:2656 misc:1871 imb:37 pmb:358 smb:9580 d:- ref:0 ;
in:81 out:83 type:b dur:2 cpbdur:2 q:48.53 aq:50.67 tex:4473 mv:1516 misc:1387 imb:19 pmb:216 smb:9740 d:- ref:0 ;
in:83 out:84 type:b dur:2 cpbdur:2 q:48.34 aq:47.49 tex:4964 mv:2327 misc:1661 imb:28 pmb:286 smb:9661 d:- ref:0 ;
in:88 out:85 type:P dur:2 cpbdur:2 q:47.83 aq:43.03 tex:52805 mv:11419 misc:4304 imb:810 pmb:963 smb:8202 d:- ref:0 ;
in:86 out:86 type:B dur:2 cpbdur:2 q:48.04 aq:47.48 tex:10842 mv:5466 misc:2924 imb:130 pmb:667 smb:9178 d:- ref:0 ;
in:85 out:87 type:b dur:2 cpbdur:2 q:48.14 aq:49.31 tex:7718 mv:3642 misc:2296 imb:63 pmb:536 smb:9376 d:- ref:0 ;
in:87 out:88 type:b dur:2 cpbdur:2 q:47.93 aq:49.98 tex:8030 mv:3570 misc:2048 imb:70 pmb:440 smb:9465 d:- ref:0 ;
in:92 out:89 type:P dur:2 cpbdur:2 q:47.51 aq:44.54 tex:36560 mv:9662 misc:3938 imb:514 pmb:872 smb:8589 d:- ref:0 ;
in:90 out:90 type:B dur:2 cpbdur:2 q:47.67 aq:48.64 tex:9742 mv:5279 misc:2579 imb:102 pmb:559 smb:9314 d:- ref:0 ;
in:89 out:91 type:b dur:2 cpbdur:2 q:47.75 aq:49.21 tex:7058 mv:3526 misc:2024 imb:68 pmb:405 smb:9502 d:- ref:0 ;
in:91 out:92 type:b dur:2 cpbdur:2 q:47.59 aq:49.02 tex:7902 mv:3868 misc:2102 imb:80 pmb:432 smb:9463 d:- ref:0 ;
in:96 out:93 type:P dur:2 cpbdur:2 q:47.10 aq:41.01 tex:36244 mv:9795 misc:3985 imb:466 pmb:909 smb:8600 d:- ref:0 ;
in:94 out:94 type:B dur:2 cpbdur:2 q:47.30 aq:47.80 tex:11255 mv:5342 misc:2627 imb:106 pmb:581 smb:9288 d:- ref:0 ;
in:93 out:95 type:b dur:2 cpbdur:2 q:47.41 aq:48.13 tex:7443 mv:3918 misc:2167 imb:67 pmb:463 smb:9445 d:- ref:0 ;
in:95 out:96 type:b dur:2 cpbdur:2 q:47.20 aq:50.45 tex:7128 mv:3676 misc:1868 imb:73 pmb:383 smb:9519 d:- ref:0 ;
in:100 out:97 type:P dur:2 cpbdur:2 q:46.66 aq:42.36 tex:51936 mv:11685 misc:4355 imb:695 pmb:1021 smb:8259 d:- ref:0 ;
in:98 out:98 type:B dur:2 cpbdur:2 q:46.88 aq:47.67 tex:10932 mv:6419 misc:2921 imb:135 pmb:700 smb:9140 d:- ref:0 ;
in:97 out:99 type:b dur:2 cpbdur:2 q:46.99 aq:49.31 tex:7410 mv:3802 misc:2140 imb:56 pmb:477 smb:9442 d:- ref:0 ;
in:99 out:100 type:b dur:2 cpbdur:2 q:46.77 aq:48.00 tex:7412 mv:4367 misc:2261 imb:74 pmb:508 smb:9393 d:- ref:0 ;
in:104 out:101 type:P dur:2 cpbdur:2 q:46.21 aq:40.83 tex:47113 mv:11636 misc:4523 imb:564 pmb:1096 smb:8315 d:- ref:0 ;
in:102 out:102 type:B dur:2 cpbdur:2 q:46.43 aq:46.65 tex:9636 mv:5946 misc:2698 imb:82 pmb:677 smb:9216 d:- ref:0 ;
in:101 out:103 type:b dur:2 cpbdur:2 q:46.55 aq:50.14 tex:5931 mv:3521 misc:2132 imb:40 pmb:437 smb:9498 d:- ref:0 ;
in:103 out:104 type:b dur:2 cpbdur:2 q:46.32 aq:49.05 tex:5963 mv:3040 misc:1989 imb:39 pmb:365 smb:9571 d:- ref:0 ;
in:108 out:105 type:P dur:2 cpbdur:2 q:45.75 aq:41.66 tex:54116 mv:12650 misc:4610 imb:593 pmb:1224 smb:8158 d:- ref:0 ;
in:106 out:106 type:B dur:2 cpbdur:2 q:45.98 aq:46.51 tex:7614 mv:6140 misc:2878 imb:95 pmb:710 smb:9170 d:- ref:0 ;
in:105 out:107 type:b dur:2 cpbdur:2 q:46.09 aq:49.34 tex:5744 mv:3677 misc:2083 imb:58 pmb:397 smb:9520 d:- ref:0 ;
in:107 out:108 type:b dur:2 cpbdur:2 q:45.86 aq:47.67 tex:5739 mv:3265 misc:2052 imb:61 pmb:382 smb:9532 d:- ref:0 ;
in:112 out:109 type:P dur:2 cpbdur:2 q:45.28 aq:39.60 tex:53496 mv:12495 misc:4593 imb:579 pmb:1224 smb:8172 d:- ref:0 ;
in:110 out:110 type:B dur:2 cpbdur:2 q:45.51 aq:45.07 tex:8991 mv:6803 misc:2926 imb:104 pmb:722 smb:9149 d:- ref:0 ;
in:109 out:111 type:b dur:2 cpbdur:2 q:45.63 aq:49.34 tex:5800 mv:3110 misc:2010 imb:52 pmb:379 smb:9544 d:- ref:0 ;
in:111 out:112 type:b dur:2 cpbdur:2 q:45.40 aq:46.60 tex:7332 mv:3815 misc:2181 imb:89 pmb:391 smb:9495 d:- ref:0 ;
in:116 out:113 type:P dur:2 cpbdur:2 q:44.79 aq:40.67 tex:63190 mv:12149 misc:4621 imb:577 pmb:1231 smb:8167 d:- ref:0 ;
in:114 out:114 type:B dur:2 cpbdur:2 q:45.03 aq:44.35 tex:9079 mv:6801 misc:2856 imb:95 pmb:722 smb:9158 d:- ref:0 ;
in:113 out:115 type:b dur:2 cpbdur:2 q:45.16 aq:49.83 tex:5979 mv:3251 misc:2106 imb:43 pmb:394 smb:9538 d:- ref:0 ;
in:115 out:116 type:b dur:2 cpbdur:2 q:44.91 aq:45.79 tex:5273 mv:3111 misc:2040 imb:43 pmb:385 smb:9547 d:- ref:0 ;
in:120 out:117 type:P dur:2 cpbdur:2 q:44.37 aq:39.16 tex:64446 mv:12366 misc:4516 imb:550 pmb:1251 smb:8174 d:- ref:0 ;
in:118 out:118 type:B dur:2 cpbdur:2 q:44.58 aq:42.84 tex:10208 mv:6680 misc:2768 imb:80 pmb:758 smb:9137 d:- ref:0 ;
in:117 out:119 type:b dur:2 cpbdur:2 q:44.68 aq:49.13 tex:5705 mv:3580 misc:2147 imb:55 pmb:403 smb:9517 d:- ref:0 ;
in:119 out:120 type:b dur:2 cpbdur:2 q:44.47 aq:48.37 tex:5031 mv:2748 misc:2005 imb:40 pmb:353 smb:9582 d:- ref:0 ;
in:124 out:121 type:P dur:2 cpbdur:2 q:43.95 aq:40.10 tex:65292 mv:12067 misc:4553 imb:508 pmb:1242 smb:8225 d:- ref:0 ;
in:122 out:122 type:B dur:2 cpbdur:2 q:44.16 aq:45.34 tex:12705 mv:6392 misc:2791 imb:81 pmb:704 smb:9190 d:- ref:0 ;
in:121 out:123 type:b dur:2 cpbdur:2 q:44.27 aq:46.59 tex:7691 mv:3400 misc:1949 imb:52 pmb:382 smb:9541 d:- ref:0 ;
in:123 out:124 type:b dur:2 cpbdur:2 q:44.05 aq:46.55 tex:11106 mv:4155 misc:2243 imb:96 pmb:437 smb:9442 d:- ref:0 ;
in:128 out:125 type:P dur:2 cpbdur:2 q:43.69 aq:38.37 tex:66569 mv:12489 misc:4454 imb:434 pmb:1306 smb:8235 d:- ref:0 ;
in:126 out:126 type:B dur:2 cpbdur:2 q:43.82 aq:45.54 tex:15790 mv:6845 misc:2861 imb:105 pmb:722 smb:9148 d:- ref:0 ;
in:125 out:127 type:b dur:2 cpbdur:2 q:43.88 aq:47.83 tex:5583 mv:2957 misc:1844 imb:28 pmb:365 smb:9582 d:- ref:0 ;
in:127 out:128 type:b dur:2 cpbdur:2 q:43.76 aq:48.94 tex:9547 mv:3086 misc:1951 imb:51 pmb:369 smb:9555 d:- ref:0 ;
in:132 out:129 type:P dur:2 cpbdur:2 q:43.40 aq:38.58 tex:73692 mv:12363 misc:4457 imb:430 pmb:1362 smb:8183 d:- ref:0 ;
in:130 out:130 type:B dur:2 cpbdur:2 q:43.54 aq:44.82 tex:13824 mv:6257 misc:2599 imb:79 pmb:674 smb:9222 d:- ref:0 ;
in:129 out:131 type:b dur:2 cpbdur:2 q:43.62 aq:47.80 tex:6137 mv:2568 misc:1839 imb:22 pmb:344 smb:9609 d:- ref:0 ;
in:131 out:132 type:b dur:2 cpbdur:2 q:43.47 aq:46.88 tex:10641 mv:3308 misc:1963 imb:65 pmb:386 smb:9524 d:- ref:0 ;
in:136 out:133 type:P dur:2 cpbdur:2 q:43.14 aq:38.98 tex:66646 mv:11638 misc:4308 imb:345 pmb:1307 smb:8323 d:- ref:0 ;
in:134 out:134 type:B dur:2 cpbdur:2 q:43.27 aq:44.70 tex:14271 mv:5883 misc:2622 imb:69 pmb:648 smb:9258 d:- ref:0 ;
in:133 out:135 type:b dur:2 cpbdur:2 q:43.33 aq:46.02 tex:10072 mv:3420 misc:1956 imb:80 pmb:373 smb:9522 d:- ref:0 ;
in:135 out:136 type:b dur:2 cpbdur:2 q:43.20 aq:48.36 tex:8177 mv:2937 misc:1798 imb:45 pmb:328 smb:9602 d:- ref:0 ;
in:140 out:137 type:P dur:2 cpbdur:2 q:42.96 aq:38.73 tex:68014 mv:12075 misc:4263 imb:424 pmb:1308 smb:8243 d:- ref:0 ;
in:138 out:138 type:B dur:2 cpbdur:2 q:43.05 aq:40.30 tex:16742 mv:5943 misc:2563 imb:68 pmb:661 smb:9246 d:- ref:0 ;
in:137 out:139 type:b dur:2 cpbdur:2 q:43.10 aq:48.57 tex:8626 mv:2892 misc:1802 imb:38 pmb:346 smb:9591 d:- ref:0 ;
in:139 out:140 type:b dur:2 cpbdur:2 q:43.01 aq:48.08 tex:9585 mv:2885 misc:1818 imb:52 pmb:334 smb:9589 d:- ref:0 ;
in:144 out:141 type:P dur:2 cpbdur:2 q:42.75 aq:37.83 tex:77673 mv:12363 misc:4308 imb:442 pmb:1337 smb:8196 d:- ref:0 ;
in:142 out:142 type:B dur:2 cpbdur:2 q:42.86 aq:45.57 tex:16483 mv:6201 misc:2756 imb:71 pmb:703 smb:9201 d:- ref:0 ;
in:141 out:143 type:b dur:2 cpbdur:2 q:42.91 aq:47.96 tex:10178 mv:2791 misc:1855 imb:37 pmb:371 smb:9567 d:- ref:0 ;
in:143 out:144 type:b dur:2 cpbdur:2 q:42.80 aq:43.72 tex:11536 mv:3211 misc:1917 imb:59 pmb:392 smb:9524 d:- ref:0 ;
in:148 out:145 type:P dur:2 cpbdur:2 q:42.54 aq:37.35 tex:81823 mv:12281 misc:4288 imb:461 pmb:1335 smb:8179 d:- ref:0 ;
in:146 out:146 type:B dur:2 cpbdur:2 q:42.64 aq:43.62 tex:15583 mv:6037 misc:2604 imb:71 pmb:692 smb:9212 d:- ref:0 ;
in:145 out:147 type:b dur:2 cpbdur:2 q:42.70 aq:45.91 tex:13144 mv:3494 misc:1906 imb:84 pmb:399 smb:9492 d:- ref:0 ;
in:147 out:148 type:b dur:2 cpbdur:2 q:42.59 aq:45.96 tex:9691 mv:2854 misc:1879 imb:30 pmb:394 smb:9551 d:- ref:0 ;
in:152 out:149 type:P dur:2 cpbdur:2 q:42.36 aq:37.81 tex:79983 mv:12278 misc:4219 imb:460 pmb:1347 smb:8168 d:- ref:0 ;
in:150 out:150 type:B dur:2 cpbdur:2 q:42.45 aq:42.99 tex:17176 mv:6450 misc:2790 imb:68 pmb:742 smb:9165 d:- ref:0 ;
in:149 out:151 type:b dur:2 cpbdur:2 q:42.49 aq:46.95 tex:13368 mv:3539 misc:1997 imb:74 pmb:427 smb:9474 d:- ref:0 ;
in:151 out:152 type:b dur:2 cpbdur:2 q:42.40 aq:46.27 tex:11583 mv:3157 misc:1964 imb:39 pmb:410 smb:9526 d:- ref:0 ;
in:156 out:153 type:P dur:2 cpbdur:2 q:42.19 aq:38.89 tex:76674 mv:11403 misc:4147 imb:357 pmb:1313 smb:8305 d:- ref:0 ;
in:154 out:154 type:B dur:2 cpbdur:2 q:42.28 aq:42.64 tex:18277 mv:5309 misc:2518 imb:63 pmb:658 smb:9254 d:- ref:0 ;
in:153 out:155 type:b dur:2 cpbdur:2 q:42.32 aq:43.92 tex:11143 mv:3203 misc:1806 imb:37 pmb:401 smb:9537 d:- ref:0 ;
in:155 out:156 type:b dur:2 cpbdur:2 q:42.24 aq:45.47 tex:11747 mv:2797 misc:1816 imb:25 pmb:372 smb:9578 d:- ref:0 ;
in:160 out:157 type:P dur:2 cpbdur:2 q:42.04 aq:38.26 tex:78487 mv:11273 misc:4184 imb:333 pmb:1306 smb:8336 d:- ref:0 ;
in:158 out:158 type:B dur:2 cpbdur:2 q:42.12 aq:45.14 tex:18851 mv:5539 misc:2538 imb:52 pmb:654 smb:9269 d:- ref:0 ;
in:157 out:159 type:b dur:2 cpbdur:2 q:42.16 aq:42.08 tex:17678 mv:3906 misc:1984 imb:108 pmb:410 smb:9457 d:- ref:0 ;
in:159 out:160 type:b dur:2 cpbdur:2 q:42.08 aq:40.53 tex:12920 mv:2707 misc:1765 imb:35 pmb:349 smb:9591 d:- ref:0 ;
in:164 out:161 type:P dur:2 cpbdur:2 q:41.91 aq:37.96 tex:76720 mv:11101 misc:4267 imb:305 pmb:1335 smb:8335 d:- ref:0 ;
in:162 out:162 type:B dur:2 cpbdur:2 q:41.97 aq:43.70 tex:18693 mv:5090 misc:2585 imb:54 pmb:651 smb:9270 d:- ref:0 ;
in:161 out:163 type:b dur:2 cpbdur:2 q:42.01 aq:42.53 tex:11101 mv:2349 misc:1646 imb:23 pmb:325 smb:9627 d:- ref:0 ;
in:163 out:164 type:b dur:2 cpbdur:2 q:41.94 aq:43.50 tex:13679 mv:2585 misc:1848 imb:38 pmb:369 smb:9568 d:- ref:0 ;
in:168 out:165 type:P dur:2 cpbdur:2 q:41.75 aq:37.41 tex:73233 mv:10898 misc:4309 imb:278 pmb:1344 smb:8353 d:- ref:0 ;
in:166 out:166 type:B dur:2 cpbdur:2 q:41.83 aq:41.32 tex:18625 mv:5437 misc:2522 imb:56 pmb:648 smb:9271 d:- ref:0 ;
in:165 out:167 type:b dur:2 cpbdur:2 q:41.87 aq:46.86 tex:10660 mv:2420 misc:1720 imb:20 pmb:348 smb:9607 d:- ref:0 ;
in:167 out:168 type:b dur:2 cpbdur:2 q:41.79 aq:44.80 tex:11880 mv:2437 misc:1715 imb:31 pmb:341 smb:9603 d:- ref:0 ;
in:172 out:169 type:P dur:2 cpbdur:2 q:41.58 aq:37.67 tex:89568 mv:10939 misc:4245 imb:347 pmb:1339 smb:8289 d:- ref:0 ;
in:170 out:170 type:B dur:2 cpbdur:2 q:41.67 aq:41.82 tex:23397 mv:5974 misc:2669 imb:43 pmb:731 smb:9201 d:- ref:0 ;
in:169 out:171 type:b dur:2 cpbdur:2 q:41.71 aq:40.64 tex:12869 mv:3090 misc:1921 imb:40 pmb:397 smb:9538 d:- ref:0 ;
in:171 out:172 type:b dur:2 cpbdur:2 q:41.63 aq:41.63 tex:12760 mv:2619 misc:1829 imb:37 pmb:363 smb:9575 d:- ref:0 ;
in:176 out:173 type:P dur:2 cpbdur:2 q:41.42 aq:37.36 tex:82846 mv:11283 misc:4207 imb:325 pmb:1378 smb:8272 d:- ref:0 ;
in:174 out:174 type:B dur:2 cpbdur:2 q:41.50 aq:44.20 tex:21749 mv:5614 misc:2677 imb:36 pmb:723 smb:9216 d:- ref:0 ;
in:173 out:175 type:b dur:2 cpbdur:2 q:41.54 aq:46.83 tex:13536 mv:2475 misc:1829 imb:26 pmb:370 smb:9579 d:- ref:0 ;
in:175 out:176 type:b dur:2 cpbdur:2 q:41.46 aq:44.34 tex:16385 mv:2992 misc:1887 imb:80 pmb:370 smb:9525 d:- ref:0 ;
in:180 out:177 type:P dur:2 cpbdur:2 q:41.26 aq:37.48 tex:87210 mv:10671 misc:4295 imb:336 pmb:1324 smb:8315 d:- ref:0 ;
in:178 out:178 type:B dur:2 cpbdur:2 q:41.34 aq:43.13 tex:22244 mv:5676 misc:2592 imb:47 pmb:709 smb:9219 d:- ref:0 ;
in:177 out:179 type:b dur:2 cpbdur:2 q:41.38 aq:42.39 tex:13851 mv:2819 misc:1850 imb:50 pmb:367 smb:9558 d:- ref:0 ;
in:179 out:180 type:b dur:2 cpbdur:2 q:41.30 aq:45.92 tex:13881 mv:2263 misc:1672 imb:20 pmb:350 smb:9605 d:- ref:0 ;
in:184 out:181 type:P dur:2 cpbdur:2 q:41.15 aq:37.98 tex:96359 mv:11966 misc:4235 imb:347 pmb:1420 smb:8208 d:- ref:0 ;
in:182 out:182 type:B dur:2 cpbdur:2 q:41.20 aq:43.77 tex:23971 mv:6511 misc:2814 imb:61 pmb:800 smb:9114 d:- ref:0 ;
in:181 out:183 type:b dur:2 cpbdur:2 q:41.23 aq:46.69 tex:13343 mv:2408 misc:1777 imb:19 pmb:382 smb:9574 d:- ref:0 ;
in:183 out:184 type:b dur:2 cpbdur:2 q:41.18 aq:44.52 tex:15646 mv:3422 misc:2188 imb:39 pmb:451 smb:9485 d:- ref:0 ;
in:188 out:185 type:P dur:2 cpbdur:2 q:41.09 aq:37.14 tex:88576 mv:11757 misc:4283 imb:344 pmb:1389 smb:8242 d:- ref:0 ;
in:186 out:186 type:B dur:2 cpbdur:2 q:41.12 aq:43.44 tex:24267 mv:7252 misc:2857 imb:61 pmb:810 smb:9104 d:- ref:0 ;
in:185 out:187 type:b dur:2 cpbdur:2 q:41.14 aq:43.70 tex:14957 mv:3235 misc:1960 imb:47 pmb:418 smb:9510 d:- ref:0 ;
in:187 out:188 type:b dur:2 cpbdur:2 q:41.11 aq:45.45 tex:14899 mv:3195 misc:2058 imb:39 pmb:417 smb:9519 d:- ref:0 ;
in:192 out:189 type:P dur:2 cpbdur:2 q:41.03 aq:37.79 tex:87822 mv:11824 misc:4210 imb:332 pmb:1376 smb:8267 d:- ref:0 ;
in:190 out:190 type:B dur:2 cpbdur:2 q:41.06 aq:42.61 tex:23866 mv:6369 misc:2757 imb:59 pmb:747 smb:9169 d:- ref:0 ;
in:189 out:191 type:b dur:2 cpbdur:2 q:41.08 aq:42.59 tex:15902 mv:3474 misc:2064 imb:47 pmb:441 smb:9487 d:- ref:0 ;
in:191 out:192 type:b dur:2 cpbdur:2 q:41.04 aq:44.68 tex:15089 mv:3671 misc:2056 imb:40 pmb:454 smb:9481 d:- ref:0 ;
in:196 out:193 type:P dur:2 cpbdur:2 q:40.95 aq:37.43 tex:90232 mv:11297 misc:4359 imb:284 pmb:1384 smb:8307 d:- ref:0 ;
in:194 out:194 type:B dur:2 cpbdur:2 q:40.99 aq:44.81 tex:23093 mv:6198 misc:2733 imb:49 pmb:756 smb:9170 d:- ref:0 ;
in:193 out:195 type:b dur:2 cpbdur:2 q:41.01 aq:45.15 tex:13508 mv:2840 misc:1804 imb:22 pmb:378 smb:9575 d:- ref:0 ;
in:195 out:196 type:b dur:2 cpbdur:2 q:40.97 aq:45.05 tex:15158 mv:2767 misc:1835 imb:34 pmb:381 smb:9560 d:- ref:0 ;
in:200 out:197 type:P dur:2 cpbdur:2 q:40.90 aq:36.91 tex:108559 mv:11986 misc:4231 imb:376 pmb:1416 smb:8183 d:- ref:0 ;
in:198 out:198 type:B dur:2 cpbdur:2 q:40.92 aq:42.17 tex:25466 mv:6925 misc:2929 imb:67 pmb:822 smb:9086 d:- ref:0 ;
in:197 out:199 type:b dur:2 cpbdur:2 q:40.93 aq:46.10 tex:14120 mv:2481 misc:1871 imb:24 pmb:389 smb:9562 d:- ref:0 ;
in:199 out:200 type:b dur:2 cpbdur:2 q:40.91 aq:41.90 tex:16776 mv:3227 misc:1965 imb:35 pmb:438 smb:9502 d:- ref:0 ;
in:204 out:201 type:P dur:2 cpbdur:2 q:40.84 aq:37.59 tex:99605 mv:11719 misc:4180 imb:396 pmb:1403 smb:8176 d:- ref:0 ;
in:202 out:202 type:B dur:2 cpbdur:2 q:40.87 aq:41.76 tex:26675 mv:6510 misc:2863 imb:73 pmb:787 smb:9115 d:- ref:0 ;
in:201 out:203 type:b dur:2 cpbdur:2 q:40.88 aq:44.93 tex:16170 mv:3160 misc:2094 imb:32 pmb:479 smb:9464 d:- ref:0 ;
in:203 out:204 type:b dur:2 cpbdur:2 q:40.86 aq:44.38 tex:15905 mv:2837 misc:1770 imb:36 pmb:370 smb:9569 d:- ref:0 ;
in:208 out:205 type:P dur:2 cpbdur:2 q:40.77 aq:37.30 tex:93511 mv:11143 misc:4122 imb:314 pmb:1382 smb:8279 d:- ref:0 ;
in:206 out:206 type:B dur:2 cpbdur:2 q:40.81 aq:44.39 tex:24862 mv:5900 misc:2750 imb:39 pmb:762 smb:9174 d:- ref:0 ;
in:205 out:207 type:b dur:2 cpbdur:2 q:40.82 aq:43.27 tex:14418 mv:2653 misc:1761 imb:28 pmb:357 smb:9590 d:- ref:0 ;
in:207 out:208 type:b dur:2 cpbdur:2 q:40.79 aq:46.22 tex:13760 mv:2659 misc:1909 imb:32 pmb:387 smb:9556 d:- ref:0 ;
in:212 out:209 type:P dur:2 cpbdur:2 q:40.71 aq:36.79 tex:97344 mv:11305 misc:4247 imb:293 pmb:1404 smb:8278 d:- ref:0 ;
in:210 out:210 type:B dur:2 cpbdur:2 q:40.74 aq:42.74 tex:24842 mv:6061 misc:2641 imb:38 pmb:722 smb:9215 d:- ref:0 ;
in:209 out:211 type:b dur:2 cpbdur:2 q:40.75 aq:45.77 tex:16198 mv:2729 misc:1769 imb:40 pmb:374 smb:9561 d:- ref:0 ;
in:211 out:212 type:b dur:2 cpbdur:2 q:40.73 aq:43.73 tex:15434 mv:2644 misc:1818 imb:34 pmb:377 smb:9564 d:- ref:0 ;
in:216 out:213 type:P dur:2 cpbdur:2 q:40.66 aq:38.21 tex:95845 mv:10850 misc:4065 imb:242 pmb:1372 smb:8361 d:- ref:0 ;
in:214 out:214 type:B dur:2 cpbdur:2 q:40.69 aq:42.80 tex:23993 mv:5915 misc:2692 imb:46 pmb:736 smb:9193 d:- ref:0 ;
in:213 out:215 type:b dur:2 cpbdur:2 q:40.70 aq:40.86 tex:15612 mv:2692 misc:1784 imb:34 pmb:357 smb:9584 d:- ref:0 ;
in:215 out:216 type:b dur:2 cpbdur:2 q:40.67 aq:42.09 tex:15903 mv:2681 misc:1824 imb:29 pmb:388 smb:9558 d:- ref:0 ;
in:220 out:217 type:P dur:2 cpbdur:2 q:40.61 aq:37.19 tex:107424 mv:11587 misc:4277 imb:344 pmb:1414 smb:8217 d:- ref:0 ;
in:218 out:218 type:B dur:2 cpbdur:2 q:40.63 aq:41.92 tex:25397 mv:6249 misc:2866 imb:68 pmb:760 smb:9147 d:- ref:0 ;
in:217 out:219 type:b dur:2 cpbdur:2 q:40.65 aq:44.30 tex:13222 mv:2632 misc:1890 imb:32 pmb:386 smb:9557 d:- ref:0 ;
in:219 out:220 type:b dur:2 cpbdur:2 q:40.62 aq:44.63 tex:19911 mv:3848 misc:2033 imb:92 pmb:436 smb:9447 d:- ref:0 ;
in:224 out:221 type:P dur:2 cpbdur:2 q:40.59 aq:35.84 tex:102139 mv:11280 misc:4197 imb:354 pmb:1354 smb:8267 d:- ref:0 ;
in:222 out:222 type:B dur:2 cpbdur:2 q:40.60 aq:42.23 tex:24302 mv:5937 misc:2849 imb:56 pmb:759 smb:9160 d:- ref:0 ;
in:221 out:223 type:b dur:2 cpbdur:2 q:40.60 aq:42.87 tex:15567 mv:2881 misc:1936 imb:49 pmb:414 smb:9512 d:- ref:0 ;
in:223 out:224 type:b dur:2 cpbdur:2 q:40.59 aq:45.20 tex:14125 mv:2211 misc:1720 imb:17 pmb:354 smb:9604 d:- ref:0 ;
in:228 out:225 type:P dur:2 cpbdur:2 q:40.56 aq:37.01 tex:129780 mv:12393 misc:4347 imb:395 pmb:1428 smb:8152 d:- ref:0 ;
in:226 out:226 type:B dur:2 cpbdur:2 q:40.57 aq:40.95 tex:26075 mv:6298 misc:3067 imb:62 pmb:833 smb:9080 d:- ref:0 ;
in:225 out:227 type:b dur:2 cpbdur:2 q:40.58 aq:45.26 tex:14910 mv:3135 misc:2283 imb:19 pmb:533 smb:9423 d:- ref:0 ;
in:227 out:228 type:b dur:2 cpbdur:2 q:40.57 aq:46.10 tex:16475 mv:2288 misc:1653 imb:29 pmb:323 smb:9623 d:- ref:0 ;
in:232 out:229 type:P dur:2 cpbdur:2 q:40.56 aq:37.66 tex:90525 mv:8648 misc:3843 imb:234 pmb:1143 smb:8598 d:- ref:0 ;
in:230 out:230 type:B dur:2 cpbdur:2 q:40.56 aq:42.50 tex:22783 mv:4271 misc:2322 imb:52 pmb:545 smb:9378 d:- ref:0 ;
in:229 out:231 type:b dur:2 cpbdur:2 q:40.56 aq:44.41 tex:13763 mv:1972 misc:1561 imb:25 pmb:298 smb:9652 d:- ref:0 ;
in:231 out:232 type:b dur:2 cpbdur:2 q:40.56 aq:42.33 tex:12290 mv:1798 misc:1504 imb:22 pmb:296 smb:9657 d:- ref:0 ;
in:236 out:233 type:P dur:2 cpbdur:2 q:40.49 aq:37.44 tex:86918 mv:8380 misc:3862 imb:197 pmb:1157 smb:8621 d:- ref:0 ;
in:234 out:234 type:B dur:2 cpbdur:2 q:40.53 aq:42.64 tex:24037 mv:5155 misc:2384 imb:81 pmb:588 smb:9306 d:- ref:0 ;
in:233 out:235 type:b dur:2 cpbdur:2 q:40.54 aq:41.91 tex:15037 mv:2495 misc:1692 imb:52 pmb:331 smb:9592 d:- ref:0 ;
in:235 out:236 type:b dur:2 cpbdur:2 q:40.51 aq:40.64 tex:13354 mv:2373 misc:1601 imb:38 pmb:337 smb:9600 d:- ref:0 ;
in:240 out:237 type:P dur:2 cpbdur:2 q:40.44 aq:37.22 tex:78561 mv:8490 misc:3709 imb:205 pmb:1144 smb:8626 d:- ref:0 ;
in:238 out:238 type:B dur:2 cpbdur:2 q:40.46 aq:42.34 tex:21248 mv:4231 misc:2161 imb:25 pmb:551 smb:9399 d:- ref:0 ;
in:237 out:239 type:b dur:2 cpbdur:2 q:40.48 aq:46.39 tex:14250 mv:1852 misc:1442 imb:24 pmb:283 smb:9668 d:- ref:0 ;
in:239 out:240 type:b dur:2 cpbdur:2 q:40.45 aq:45.69 tex:13232 mv:1676 misc:1300 imb:16 pmb:272 smb:9687 d:- ref:0 ;
in:244 out:241 type:P dur:2 cpbdur:2 q:40.37 aq:36.77 tex:77667 mv:8835 misc:3754 imb:199 pmb:1168 smb:8608 d:- ref:0 ;
in:242 out:242 type:B dur:2 cpbdur:2 q:40.40 aq:43.64 tex:26990 mv:4702 misc:2292 imb:73 pmb:557 smb:9345 d:- ref:0 ;
in:241 out:243 type:b dur:2 cpbdur:2 q:40.42 aq:42.83 tex:14980 mv:2317 misc:1655 imb:44 pmb:329 smb:9602 d:- ref:0 ;
in:243 out:244 type:b dur:2 cpbdur:2 q:40.39 aq:40.70 tex:14680 mv:2170 misc:1566 imb:45 pmb:299 smb:9631 d:- ref:0 ;
in:248 out:245 type:P dur:2 cpbdur:2 q:40.29 aq:37.01 tex:88797 mv:10237 misc:3902 imb:364 pmb:1203 smb:8408 d:- ref:0 ;
in:246 out:246 type:B dur:2 cpbdur:2 q:40.33 aq:39.54 tex:26026 mv:5541 misc:2649 imb:58 pmb:709 smb:9208 d:- ref:0 ;
in:245 out:247 type:b dur:2 cpbdur:2 q:40.35 aq:37.76 tex:14374 mv:2181 misc:1605 imb:32 pmb:340 smb:9603 d:- ref:0 ;
in:247 out:248 type:b dur:2 cpbdur:2 q:40.31 aq:44.62 tex:17739 mv:2992 misc:1877 imb:55 pmb:386 smb:9534 d:- ref:0 ;
in:249 out:249 type:P dur:2 cpbdur:2 q:40.24 aq:44.89 tex:28378 mv:3413 misc:2449 imb:103 pmb:519 smb:9353 d:- ref:0 ;
in:250 out:250 type:I dur:2 cpbdur:2 q:37.64 aq:24.86 tex:902753 mv:107971 misc:412 imb:9975 pmb:0 smb:0 d:- ref:;
in:254 out:251 type:P dur:2 cpbdur:2 q:41.75 aq:37.71 tex:82303 mv:10679 misc:4226 imb:403 pmb:1229 smb:8343 d:- ref:0 ;
in:252 out:252 type:B dur:2 cpbdur:2 q:41.75 aq:41.61 tex:22623 mv:5926 misc:2651 imb:88 pmb:686 smb:9201 d:- ref:0 ;
in:251 out:253 type:b dur:2 cpbdur:2 q:41.75 aq:44.62 tex:14851 mv:2858 misc:1747 imb:48 pmb:351 smb:9576 d:- ref:0 ;
in:253 out:254 type:b dur:2 cpbdur:2 q:41.75 aq:42.70 tex:16344 mv:3839 misc:2065 imb:60 pmb:458 smb:9457 d:- ref:0 ;
in:258 out:255 type:P dur:2 cpbdur:2 q:41.70 aq:38.02 tex:97650 mv:12408 misc:3934 imb:484 pmb:1246 smb:8245 d:- ref:0 ;
in:256 out:256 type:B dur:2 cpbdur:2 q:41.72 aq:44.48 tex:26075 mv:7461 misc:2904 imb:102 pmb:818 smb:9055 d:- ref:0 ;
in:255 out:257 type:b dur:2 cpbdur:2 q:41.74 aq:44.46 tex:15925 mv:5086 misc:2261 imb:61 pmb:552 smb:9362 d:- ref:0 ;
in:257 out:258 type:b dur:2 cpbdur:2 q:41.71 aq:43.97 tex:14605 mv:3924 misc:2111 imb:40 pmb:477 smb:9458 d:- ref:0 ;
in:262 out:259 type:P dur:2 cpbdur:2 q:41.65 aq:38.78 tex:75928 mv:10171 misc:3853 imb:272 pmb:1162 smb:8541 d:- ref:0 ;
in:260 out:260 type:B dur:2 cpbdur:2 q:41.68 aq:40.16 tex:20453 mv:5900 misc:2631 imb:56 pmb:670 smb:9249 d:- ref:0 ;
in:259 out:261 type:b dur:2 cpbdur:2 q:41.69 aq:45.45 tex:13612 mv:2798 misc:1790 imb:22 pmb:377 smb:9576 d:- ref:0 ;
in:261 out:262 type:b dur:2 cpbdur:2 q:41.66 aq:46.92 tex:12545 mv:2367 misc:1688 imb:21 pmb:338 smb:9616 d:- ref:0 ;
in:266 out:263 type:P dur:2 cpbdur:2 q:41.59 aq:38.46 tex:71340 mv:9817 misc:3795 imb:288 pmb:1138 smb:8549 d:- ref:0 ;
in:264 out:264 type:B dur:2 cpbdur:2 q:41.62 aq:39.54 tex:17487 mv:4733 misc:2404 imb:52 pmb:570 smb:9353 d:- ref:0 ;
in:263 out:265 type:b dur:2 cpbdur:2 q:41.64 aq:46.53 tex:12520 mv:2045 misc:1635 imb:28 pmb:298 smb:9649 d:- ref:0 ;
in:265 out:266 type:b dur:2 cpbdur:2 q:41.61 aq:46.81 tex:11250 mv:1866 misc:1548 imb:23 pmb:275 smb:9677 d:- ref:0 ;
in:270 out:267 type:P dur:2 cpbdur:2 q:41.48 aq:38.66 tex:71003 mv:9210 misc:3931 imb:244 pmb:1157 smb:8574 d:- ref:0 ;
in:268 out:268 type:B dur:2 cpbdur:2 q:41.54 aq:44.13 tex:17694 mv:4589 misc:2485 imb:40 pmb:594 smb:9341 d:- ref:0 ;
in:267 out:269 type:b dur:2 cpbdur:2 q:41.56 aq:45.23 tex:12001 mv:2095 misc:1696 imb:24 pmb:320 smb:9631 d:- ref:0 ;
in:269 out:270 type:b dur:2 cpbdur:2 q:41.51 aq:47.37 tex:10855 mv:1661 misc:1420 imb:22 pmb:248 smb:9705 d:- ref:0 ;
in:274 out:271 type:P dur:2 cpbdur:2 q:41.35 aq:39.71 tex:65821 mv:8150 misc:3773 imb:186 pmb:1059 smb:8730 d:- ref:0 ;
in:272 out:272 type:B dur:2 cpbdur:2 q:41.42 aq:42.56 tex:17696 mv:4202 misc:2334 imb:32 pmb:534 smb:9409 d:- ref:0 ;
in:271 out:273 type:b dur:2 cpbdur:2 q:41.45 aq:45.49 tex:10901 mv:1679 misc:1460 imb:15 pmb:250 smb:9710 d:- ref:0 ;
in:273 out:274 type:b dur:2 cpbdur:2 q:41.38 aq:43.09 tex:11252 mv:1721 misc:1475 imb:19 pmb:269 smb:9687 d:- ref:0 ;
in:278 out:275 type:P dur:2 cpbdur:2 q:41.21 aq:38.40 tex:68105 mv:9011 misc:3828 imb:245 pmb:1114 smb:8616 d:- ref:0 ;
in:276 out:276 type:B dur:2 cpbdur:2 q:41.28 aq:40.69 tex:19754 mv:4578 misc:2308 imb:39 pmb:568 smb:9368 d:- ref:0 ;
in:275 out:277 type:b dur:2 cpbdur:2 q:41.32 aq:46.08 tex:11289 mv:1775 misc:1520 imb:22 pmb:263 smb:9690 d:- ref:0 ;
in:277 out:278 type:b dur:2 cpbdur:2 q:41.24 aq:47.36 tex:11497 mv:1818 misc:1477 imb:21 pmb:266 smb:9688 d:- ref:0 ;
in:282 out:279 type:P dur:2 cpbdur:2 q:41.07 aq:39.44 tex:96469 mv:13015 misc:4372 imb:434 pmb:1402 smb:8139 d:- ref:0 ;
in:280 out:280 type:B dur:2 cpbdur:2 q:41.14 aq:41.00 tex:24402 mv:7879 misc:3303 imb:85 pmb:948 smb:8942 d:- ref:0 ;
in:279 out:281 type:b dur:2 cpbdur:2 q:41.18 aq:44.99 tex:13390 mv:2552 misc:1738 imb:27 pmb:347 smb:9601 d:- ref:0 ;
in:281 out:282 type:b dur:2 cpbdur:2 q:41.11 aq:44.48 tex:20895 mv:5879 misc:2666 imb:82 pmb:657 smb:9236 d:- ref:0 ;
in:286 out:283 type:P dur:2 cpbdur:2 q:41.03 aq:37.86 tex:133617 mv:13839 misc:4424 imb:727 pmb:1272 smb:7976 d:- ref:0 ;
in:284 out:284 type:B dur:2 cpbdur:2 q:41.05 aq:43.55 tex:41701 mv:10578 misc:3337 imb:177 pmb:1062 smb:8736 d:- ref:0 ;
in:283 out:285 type:b dur:2 cpbdur:2 q:41.06 aq:44.08 tex:20724 mv:7014 misc:2686 imb:71 pmb:773 smb:9131 d:- ref:0 ;
in:285 out:286 type:b dur:2 cpbdur:2 q:41.04 aq:43.43 tex:26689 mv:7684 misc:2651 imb:136 pmb:749 smb:9090 d:- ref:0 ;
in:290 out:287 type:P dur:2 cpbdur:2 q:41.32 aq:37.86 tex:123130 mv:13996 misc:4426 imb:549 pmb:1382 smb:8044 d:- ref:0 ;
in:288 out:288 type:B dur:2 cpbdur:2 q:41.17 aq:42.12 tex:34258 mv:8866 misc:3180 imb:124 pmb:958 smb:8893 d:- ref:0 ;
in:287 out:289 type:b dur:2 cpbdur:2 q:41.10 aq:44.52 tex:23098 mv:6487 misc:2455 imb:71 pmb:696 smb:9208 d:- ref:0 ;
in:289 out:290 type:b dur:2 cpbdur:2 q:41.25 aq:44.49 tex:16803 mv:4773 misc:2384 imb:49 pmb:562 smb:9364 d:- ref:0 ;
in:294 out:291 type:P dur:2 cpbdur:2 q:41.29 aq:38.27 tex:105152 mv:12811 misc:4365 imb:456 pmb:1368 smb:8151 d:- ref:0 ;
in:292 out:292 type:B dur:2 cpbdur:2 q:41.30 aq:42.85 tex:27243 mv:6784 misc:3045 imb:64 pmb:853 smb:9058 d:- ref:0 ;
in:291 out:293 type:b dur:2 cpbdur:2 q:41.31 aq:43.83 tex:16457 mv:4024 misc:2199 imb:38 pmb:504 smb:9433 d:- ref:0 ;
in:293 out:294 type:b dur:2 cpbdur:2 q:41.30 aq:44.20 tex:17133 mv:3431 misc:2036 imb:37 pmb:448 smb:9490 d:- ref:0 ;
in:298 out:295 type:P dur:2 cpbdur:2 q:41.25 aq:37.63 tex:103614 mv:12520 misc:4258 imb:471 pmb:1320 smb:8184 d:- ref:0 ;
in:296 out:296 type:B dur:2 cpbdur:2 q:41.27 aq:42.37 tex:30684 mv:7933 misc:2919 imb:99 pmb:825 smb:9051 d:- ref:0 ;
in:295 out:297 type:b dur:2 cpbdur:2 q:41.28 aq:42.51 tex:17304 mv:4080 misc:2088 imb:39 pmb:478 smb:9458 d:- ref:0 ;
in:297 out:298 type:b dur:2 cpbdur:2 q:41.26 aq:44.05 tex:18111 mv:4217 misc:2024 imb:49 pmb:480 smb:9446 d:- ref:0 ;
in:302 out:299 type:P dur:2 cpbdur:2 q:41.43 aq:37.35 tex:121843 mv:13335 misc:4238 imb:522 pmb:1314 smb:8139 d:- ref:0 ;
in:300 out:300 type:B dur:2 cpbdur:2 q:41.34 aq:43.04 tex:36462 mv:8825 misc:3041 imb:87 pmb:932 smb:8956 d:- ref:0 ;
in:299 out:301 type:b dur:2 cpbdur:2 q:41.30 aq:45.83 tex:18020 mv:4447 misc:2213 imb:45 pmb:533 smb:9397 d:- ref:0 ;
in:301 out:302 type:b dur:2 cpbdur:2 q:41.39 aq:46.29 tex:21119 mv:5163 misc:2326 imb:75 pmb:567 smb:9333 d:- ref:0 ;
in:306 out:303 type:P dur:2 cpbdur:2 q:41.39 aq:39.16 tex:111528 mv:12410 misc:4134 imb:371 pmb:1396 smb:8208 d:- ref:0 ;
in:304 out:304 type:B dur:2 cpbdur:2 q:41.41 aq:43.01 tex:29912 mv:7692 misc:2852 imb:77 pmb:841 smb:9057 d:- ref:0 ;
in:303 out:305 type:b dur:2 cpbdur:2 q:41.42 aq:44.48 tex:21259 mv:4010 misc:2051 imb:60 pmb:463 smb:9452 d:- ref:0 ;
in:305 out:306 type:b dur:2 cpbdur:2 q:41.40 aq:43.00 tex:18001 mv:3556 misc:2019 imb:44 pmb:433 smb:9498 d:- ref:0 ;
in:310 out:307 type:P dur:2 cpbdur:2 q:41.33 aq:38.86 tex:100430 mv:11655 misc:4155 imb:388 pmb:1286 smb:8301 d:- ref:0 ;
in:308 out:308 type:B dur:2 cpbdur:2 q:41.36 aq:44.40 tex:26479 mv:6690 misc:2775 imb:46 pmb:804 smb:9125 d:- ref:0 ;
in:307 out:309 type:b dur:2 cpbdur:2 q:41.38 aq:44.77 tex:18924 mv:3627 misc:1937 imb:38 pmb:433 smb:9504 d:- ref:0 ;
in:309 out:310 type:b dur:2 cpbdur:2 q:41.35 aq:45.03 tex:16770 mv:2455 misc:1695 imb:32 pmb:347 smb:9596 d:- ref:0 ;
in:314 out:311 type:P dur:2 cpbdur:2 q:41.23 aq:38.23 tex:100658 mv:11755 misc:4171 imb:338 pmb:1352 smb:8285 d:- ref:0 ;
in:312 out:312 type:B dur:2 cpbdur:2 q:41.28 aq:40.69 tex:25351 mv:6551 misc:2890 imb:65 pmb:776 smb:9134 d:- ref:0 ;
in:311 out:313 type:b dur:2 cpbdur:2 q:41.30 aq:42.98 tex:18159 mv:2594 misc:1687 imb:40 pmb:341 smb:9594 d:- ref:0 ;
in:313 out:314 type:b dur:2 cpbdur:2 q:41.26 aq:44.59 tex:17913 mv:3118 misc:1793 imb:43 pmb:391 smb:9541 d:- ref:0 ;
in:318 out:315 type:P dur:2 cpbdur:2 q:41.15 aq:37.04 tex:100356 mv:12174 misc:4158 imb:354 pmb:1401 smb:8220 d:- ref:0 ;
in:316 out:316 type:B dur:2 cpbdur:2 q:41.19 aq:41.80 tex:28587 mv:6629 misc:2864 imb:66 pmb:791 smb:9118 d:- ref:0 ;
in:315 out:317 type:b dur:2 cpbdur:2 q:41.21 aq:46.13 tex:17028 mv:3109 misc:1839 imb:29 pmb:397 smb:9549 d:- ref:0 ;
in:317 out:318 type:b dur:2 cpbdur:2 q:41.17 aq:43.81 tex:19541 mv:3377 misc:1898 imb:54 pmb:413 smb:9508 d:- ref:0 ;
in:322 out:319 type:P dur:2 cpbdur:2 q:41.12 aq:37.95 tex:102464 mv:12643 misc:4333 imb:345 pmb:1424 smb:8206 d:- ref:0 ;
in:320 out:320 type:B dur:2 cpbdur:2 q:41.13 aq:41.80 tex:26364 mv:7233 misc:2907 imb:61 pmb:827 smb:9087 d:- ref:0 ;
in:319 out:321 type:b dur:2 cpbdur:2 q:41.14 aq:43.91 tex:19073 mv:3009 misc:1870 imb:34 pmb:405 smb:9536 d:- ref:0 ;
in:321 out:322 type:b dur:2 cpbdur:2 q:41.12 aq:44.18 tex:19035 mv:3441 misc:1980 imb:50 pmb:436 smb:9489 d:- ref:0 ;
in:326 out:323 type:P dur:2 cpbdur:2 q:41.19 aq:37.86 tex:100859 mv:12802 misc:4347 imb:423 pmb:1438 smb:8114 d:- ref:0 ;
in:324 out:324 type:B dur:2 cpbdur:2 q:41.15 aq:43.20 tex:25603 mv:7242 misc:2971 imb:41 pmb:846 smb:9088 d:- ref:0 ;
in:323 out:325 type:b dur:2 cpbdur:2 q:41.13 aq:40.76 tex:16160 mv:2730 misc:1854 imb:45 pmb:365 smb:9565 d:- ref:0 ;
in:325 out:326 type:b dur:2 cpbdur:2 q:41.17 aq:42.06 tex:18498 mv:3392 misc:2054 imb:42 pmb:452 smb:9481 d:- ref:0 ;
in:330 out:327 type:P dur:2 cpbdur:2 q:41.26 aq:38.17 tex:100986 mv:12689 misc:4309 imb:393 pmb:1404 smb:8178 d:- ref:0 ;
in:328 out:328 type:B dur:2 cpbdur:2 q:41.23 aq:42.89 tex:28276 mv:7994 misc:2986 imb:78 pmb:839 smb:9058 d:- ref:0 ;
in:327 out:329 type:b dur:2 cpbdur:2 q:41.21 aq:45.21 tex:18404 mv:3435 misc:1977 imb:65 pmb:405 smb:9505 d:- ref:0 ;
in:329 out:330 type:b dur:2 cpbdur:2 q:41.25 aq:43.27 tex:17109 mv:3448 misc:2003 imb:57 pmb:406 smb:9512 d:- ref:0 ;
in:334 out:331 type:P dur:2 cpbdur:2 q:41.30 aq:37.44 tex:111064 mv:13225 misc:4167 imb:446 pmb:1366 smb:8163 d:- ref:0 ;
in:332 out:332 type:B dur:2 cpbdur:2 q:41.28 aq:42.56 tex:28957 mv:8310 misc:3141 imb:79 pmb:911 smb:8985 d:- ref:0 ;
in:331 out:333 type:b dur:2 cpbdur:2 q:41.27 aq:43.17 tex:20958 mv:5567 misc:2635 imb:76 pmb:625 smb:9274 d:- ref:0 ;
in:333 out:334 type:b dur:2 cpbdur:2 q:41.29 aq:44.86 tex:17343 mv:2560 misc:1721 imb:46 pmb:345 smb:9584 d:- ref:0 ;
in:338 out:335 type:P dur:2 cpbdur:2 q:41.13 aq:37.52 tex:106024 mv:12113 misc:4319 imb:354 pmb:1431 smb:8190 d:- ref:0 ;
in:336 out:336 type:B dur:2 cpbdur:2 q:41.21 aq:42.06 tex:27371 mv:6672 misc:2773 imb:85 pmb:722 smb:9168 d:- ref:0 ;
in:335 out:337 type:b dur:2 cpbdur:2 q:41.26 aq:46.04 tex:14994 mv:2610 misc:1764 imb:29 pmb:348 smb:9598 d:- ref:0 ;
in:337 out:338 type:b dur:2 cpbdur:2 q:41.17 aq:46.54 tex:16429 mv:2765 misc:1846 imb:35 pmb:350 smb:9590 d:- ref:0 ;
in:342 out:339 type:P dur:2 cpbdur:2 q:41.19 aq:37.71 tex:100858 mv:11929 misc:4317 imb:372 pmb:1421 smb:8182 d:- ref:0 ;
in:340 out:340 type:B dur:2 cpbdur:2 q:41.16 aq:43.15 tex:25050 mv:6134 misc:2768 imb:69 pmb:711 smb:9195 d:- ref:0 ;
in:339 out:341 type:b dur:2 cpbdur:2 q:41.14 aq:44.39 tex:17751 mv:2411 misc:1710 imb:40 pmb:328 smb:9607 d:- ref:0 ;
in:341 out:342 type:b dur:2 cpbdur:2 q:41.18 aq:44.89 tex:18291 mv:2538 misc:1691 imb:39 pmb:326 smb:9610 d:- ref:0 ;
in:346 out:343 type:P dur:2 cpbdur:2 q:41.24 aq:37.93 tex:101620 mv:11934 misc:4286 imb:336 pmb:1444 smb:8195 d:- ref:0 ;
in:344 out:344 type:B dur:2 cpbdur:2 q:41.22 aq:43.08 tex:26208 mv:5956 misc:2644 imb:50 pmb:727 smb:9198 d:- ref:0 ;
in:343 out:345 type:b dur:2 cpbdur:2 q:41.21 aq:44.75 tex:16462 mv:2723 misc:1823 imb:32 pmb:381 smb:9562 d:- ref:0 ;
in:345 out:346 type:b dur:2 cpbdur:2 q:41.23 aq:43.09 tex:16115 mv:2523 misc:1746 imb:35 pmb:333 smb:9607 d:- ref:0 ;
in:350 out:347 type:P dur:2 cpbdur:2 q:41.26 aq:37.44 tex:104247 mv:12456 misc:4377 imb:392 pmb:1456 smb:8127 d:- ref:0 ;
in:348 out:348 type:B dur:2 cpbdur:2 q:41.25 aq:43.88 tex:25283 mv:6132 misc:2673 imb:57 pmb:705 smb:9213 d:- ref:0 ;
in:347 out:349 type:b dur:2 cpbdur:2 q:41.24 aq:44.19 tex:15418 mv:2897 misc:1893 imb:34 pmb:370 smb:9571 d:- ref:0 ;
in:349 out:350 type:b dur:2 cpbdur:2 q:41.26 aq:46.25 tex:17962 mv:2801 misc:1789 imb:47 pmb:340 smb:9588 d:- ref:0 ;
in:354 out:351 type:P dur:2 cpbdur:2 q:41.30 aq:36.73 tex:94660 mv:11907 misc:4289 imb:360 pmb:1443 smb:8172 d:- ref:0 ;
in:352 out:352 type:B dur:2 cpbdur:2 q:41.28 aq:40.31 tex:23000 mv:5934 misc:2578 imb:61 pmb:663 smb:9251 d:- ref:0 ;
in:351 out:353 type:b dur:2 cpbdur:2 q:41.27 aq:45.04 tex:18246 mv:2639 misc:1731 imb:43 pmb:341 smb:9591 d:- ref:0 ;
in:353 out:354 type:b dur:2 cpbdur:2 q:41.29 aq:45.64 tex:16803 mv:2609 misc:1780 imb:35 pmb:341 smb:9599 d:- ref:0 ;
in:358 out:355 type:P dur:2 cpbdur:2 q:41.31 aq:37.25 tex:99912 mv:11744 misc:4248 imb:356 pmb:1408 smb:8211 d:- ref:0 ;
in:356 out:356 type:B dur:2 cpbdur:2 q:41.30 aq:40.58 tex:26315 mv:5963 misc:2698 imb:69 pmb:716 smb:9190 d:- ref:0 ;
in:355 out:357 type:b dur:2 cpbdur:2 q:41.30 aq:45.31 tex:14904 mv:2362 misc:1694 imb:36 pmb:331 smb:9608 d:- ref:0 ;
in:357 out:358 type:b dur:2 cpbdur:2 q:41.31 aq:45.48 tex:17390 mv:2475 misc:1695 imb:30 pmb:328 smb:9617 d:- ref:0 ;
in:362 out:359 type:P dur:2 cpbdur:2 q:41.32 aq:37.82 tex:93406 mv:10988 misc:4350 imb:304 pmb:1383 smb:8288 d:- ref:0 ;
in:360 out:360 type:B dur:2 cpbdur:2 q:41.32 aq:41.83 tex:26341 mv:5950 misc:2749 imb:68 pmb:689 smb:9218 d:- ref:0 ;
in:359 out:361 type:b dur:2 cpbdur:2 q:41.31 aq:44.90 tex:15544 mv:2315 misc:1669 imb:36 pmb:302 smb:9637 d:- ref:0 ;
in:361 out:362 type:b dur:2 cpbdur:2 q:41.32 aq:45.33 tex:16522 mv:2256 misc:1694 imb:39 pmb:313 smb:9623 d:- ref:0 ;
in:366 out:363 type:P dur:2 cpbdur:2 q:41.30 aq:38.35 tex:99760 mv:10943 misc:4385 imb:300 pmb:1410 smb:8265 d:- ref:0 ;
in:364 out:364 type:B dur:2 cpbdur:2 q:41.31 aq:43.16 tex:28108 mv:5899 misc:2713 imb:76 pmb:710 smb:9189 d:- ref:0 ;
in:363 out:365 type:b dur:2 cpbdur:2 q:41.32 aq:44.91 tex:15264 mv:2747 misc:1813 imb:51 pmb:349 smb:9575 d:- ref:0 ;
in:365 out:366 type:b dur:2 cpbdur:2 q:41.31 aq:45.29 tex:15605 mv:2457 misc:1690 imb:39 pmb:313 smb:9623 d:- ref:0 ;
in:370 out:367 type:P dur:2 cpbdur:2 q:41.29 aq:37.39 tex:97271 mv:10918 misc:4307 imb:277 pmb:1394 smb:8304 d:- ref:0 ;
in:368 out:368 type:B dur:2 cpbdur:2 q:41.29 aq:41.65 tex:26001 mv:5957 misc:2730 imb:70 pmb:695 smb:9210 d:- ref:0 ;
in:367 out:369 type:b dur:2 cpbdur:2 q:41.30 aq:46.57 tex:15527 mv:2457 misc:1704 imb:31 pmb:326 smb:9618 d:- ref:0 ;
in:369 out:370 type:b dur:2 cpbdur:2 q:41.29 aq:45.13 tex:14002 mv:2140 misc:1626 imb:31 pmb:301 smb:9643 d:- ref:0 ;
in:374 out:371 type:P dur:2 cpbdur:2 q:41.29 aq:38.01 tex:95666 mv:11553 misc:4413 imb:316 pmb:1483 smb:8176 d:- ref:0 ;
in:372 out:372 type:B dur:2 cpbdur:2 q:41.29 aq:39.26 tex:23240 mv:5299 misc:2613 imb:49 pmb:699 smb:9227 d:- ref:0 ;
in:371 out:373 type:b dur:2 cpbdur:2 q:41.29 aq:42.77 tex:14560 mv:1893 misc:1395 imb:31 pmb:247 smb:9697 d:- ref:0 ;
in:373 out:374 type:b dur:2 cpbdur:2 q:41.29 aq:42.27 tex:17045 mv:2604 misc:1791 imb:40 pmb:355 smb:9580 d:- ref:0 ;
in:378 out:375 type:P dur:2 cpbdur:2 q:41.26 aq:37.43 tex:110432 mv:12181 misc:4483 imb:356 pmb:1530 smb:8089 d:- ref:0 ;
in:376 out:376 type:B dur:2 cpbdur:2 q:41.27 aq:41.64 tex:25680 mv:6322 misc:2830 imb:55 pmb:779 smb:9141 d:- ref:0 ;
in:375 out:377 type:b dur:2 cpbdur:2 q:41.28 aq:42.51 tex:18241 mv:2663 misc:1768 imb:32 pmb:365 smb:9578 d:- ref:0 ;
in:377 out:378 type:b dur:2 cpbdur:2 q:41.27 aq:43.19 tex:16044 mv:3251 misc:1913 imb:58 pmb:384 smb:9533 d:- ref:0 ;
in:382 out:379 type:P dur:2 cpbdur:2 q:41.24 aq:37.68 tex:102173 mv:11951 misc:4484 imb:343 pmb:1529 smb:8103 d:- ref:0 ;
in:380 out:380 type:B dur:2 cpbdur:2 q:41.25 aq:43.91 tex:26372 mv:5893 misc:2783 imb:45 pmb:750 smb:9180 d:- ref:0 ;
in:379 out:381 type:b dur:2 cpbdur:2 q:41.26 aq:44.52 tex:15905 mv:2903 misc:1872 imb:35 pmb:374 smb:9566 d:- ref:0 ;
in:381 out:382 type:b dur:2 cpbdur:2 q:41.25 aq:43.89 tex:15306 mv:2756 misc:1866 imb:31 pmb:377 smb:9567 d:- ref:0 ;
in:386 out:383 type:P dur:2 cpbdur:2 q:41.22 aq:36.95 tex:100773 mv:12061 misc:4542 imb:299 pmb:1547 smb:8129 d:- ref:0 ;
in:384 out:384 type:B dur:2 cpbdur:2 q:41.23 aq:42.51 tex:23799 mv:5915 misc:2854 imb:65 pmb:744 smb:9166 d:- ref:0 ;
in:383 out:385 type:b dur:2 cpbdur:2 q:41.24 aq:44.20 tex:15308 mv:2762 misc:1898 imb:43 pmb:363 smb:9569 d:- ref:0 ;
in:385 out:386 type:b dur:2 cpbdur:2 q:41.23 aq:45.73 tex:15390 mv:2426 misc:1808 imb:21 pmb:359 smb:9595 d:- ref:0 ;
in:390 out:387 type:P dur:2 cpbdur:2 q:41.20 aq:37.20 tex:94411 mv:11867 misc:4434 imb:334 pmb:1462 smb:8179 d:- ref:0 ;
in:388 out:388 type:B dur:2 cpbdur:2 q:41.21 aq:44.17 tex:24352 mv:5540 misc:2772 imb:41 pmb:734 smb:9200 d:- ref:0 ;
in:387 out:389 type:b dur:2 cpbdur:2 q:41.22 aq:45.85 tex:14527 mv:2714 misc:1783 imb:31 pmb:350 smb:9594 d:- ref:0 ;
in:389 out:390 type:b dur:2 cpbdur:2 q:41.20 aq:43.34 tex:16043 mv:2372 misc:1721 imb:36 pmb:345 smb:9594 d:- ref:0 ;
in:394 out:391 type:P dur:2 cpbdur:2 q:41.16 aq:37.35 tex:96970 mv:11762 misc:4420 imb:401 pmb:1393 smb:8181 d:- ref:0 ;
in:392 out:392 type:B dur:2 cpbdur:2 q:41.18 aq:41.22 tex:23780 mv:5699 misc:2729 imb:48 pmb:740 smb:9187 d:- ref:0 ;
in:391 out:393 type:b dur:2 cpbdur:2 q:41.19 aq:44.71 tex:15270 mv:2405 misc:1653 imb:31 pmb:314 smb:9630 d:- ref:0 ;
in:393 out:394 type:b dur:2 cpbdur:2 q:41.17 aq:44.74 tex:14594 mv:2553 misc:1893 imb:29 pmb:392 smb:9554 d:- ref:0 ;
in:398 out:395 type:P dur:2 cpbdur:2 q:41.14 aq:37.12 tex:96347 mv:11094 misc:4319 imb:352 pmb:1368 smb:8255 d:- ref:0 ;
in:396 out:396 type:B dur:2 cpbdur:2 q:41.15 aq:42.48 tex:25978 mv:5575 misc:2639 imb:62 pmb:707 smb:9206 d:- ref:0 ;
in:395 out:397 type:b dur:2 cpbdur:2 q:41.16 aq:43.65 tex:15731 mv:2252 misc:1753 imb:30 pmb:338 smb:9607 d:- ref:0 ;
in:397 out:398 type:b dur:2 cpbdur:2 q:41.14 aq:42.45 tex:15011 mv:2117 misc:1648 imb:21 pmb:327 smb:9627 d:- ref:0 ;
in:402 out:399 type:P dur:2 cpbdur:2 q:41.11 aq:37.61 tex:93835 mv:10870 misc:4375 imb:336 pmb:1384 smb:8255 d:- ref:0 ;
in:400 out:400 type:B dur:2 cpbdur:2 q:41.12 aq:43.18 tex:22188 mv:5030 misc:2526 imb:38 pmb:673 smb:9264 d:- ref:0 ;
in:399 out:401 type:b dur:2 cpbdur:2 q:41.13 aq:46.52 tex:14378 mv:2105 misc:1645 imb:21 pmb:326 smb:9628 d:- ref:0 ;
in:401 out:402 type:b dur:2 cpbdur:2 q:41.11 aq:45.74 tex:14095 mv:2286 misc:1587 imb:52 pmb:286 smb:9637 d:- ref:0 ;
in:406 out:403 type:P dur:2 cpbdur:2 q:41.08 aq:37.42 tex:94473 mv:11038 misc:4297 imb:307 pmb:1379 smb:8289 d:- ref:0 ;
in:404 out:404 type:B dur:2 cpbdur:2 q:41.09 aq:43.19 tex:23865 mv:4787 misc:2540 imb:31 pmb:642 smb:9302 d:- ref:0 ;
in:403 out:405 type:b dur:2 cpbdur:2 q:41.10 aq:44.30 tex:15567 mv:2227 misc:1606 imb:16 pmb:336 smb:9623 d:- ref:0 ;
in:405 out:406 type:b dur:2 cpbdur:2 q:41.09 aq:42.20 tex:15732 mv:2022 misc:1622 imb:29 pmb:301 smb:9645 d:- ref:0 ;
in:410 out:407 type:P dur:2 cpbdur:2 q:41.04 aq:36.93 tex:94607 mv:10656 misc:4297 imb:271 pmb:1386 smb:8318 d:- ref:0 ;
in:408 out:408 type:B dur:2 cpbdur:2 q:41.06 aq:42.64 tex:24812 mv:4937 misc:2475 imb:46 pmb:650 smb:9279 d:- ref:0 ;
in:407 out:409 type:b dur:2 cpbdur:2 q:41.07 aq:40.94 tex:14930 mv:1982 misc:1512 imb:27 pmb:294 smb:9654 d:- ref:0 ;
in:409 out:410 type:b dur:2 cpbdur:2 q:41.05 aq:43.31 tex:15475 mv:2330 misc:1747 imb:36 pmb:320 smb:9619 d:- ref:0 ;
in:414 out:411 type:P dur:2 cpbdur:2 q:40.99 aq:37.31 tex:98675 mv:10686 misc:4263 imb:279 pmb:1389 smb:8307 d:- ref:0 ;
in:412 out:412 type:B dur:2 cpbdur:2 q:41.01 aq:42.90 tex:23279 mv:4927 misc:2514 imb:57 pmb:617 smb:9301 d:- ref:0 ;
in:411 out:413 type:b dur:2 cpbdur:2 q:41.03 aq:45.75 tex:15567 mv:1901 misc:1572 imb:30 pmb:276 smb:9669 d:- ref:0 ;
in:413 out:414 type:b dur:2 cpbdur:2 q:41.00 aq:46.60 tex:16068 mv:2048 misc:1612 imb:30 pmb:291 smb:9654 d:- ref:0 ;
in:418 out:415 type:P dur:2 cpbdur:2 q:40.97 aq:36.75 tex:97808 mv:10821 misc:4211 imb:272 pmb:1392 smb:8311 d:- ref:0 ;
in:416 out:416 type:B dur:2 cpbdur:2 q:40.98 aq:43.55 tex:26911 mv:5070 misc:2563 imb:38 pmb:665 smb:9272 d:- ref:0 ;
in:415 out:417 type:b dur:2 cpbdur:2 q:40.98 aq:46.27 tex:13445 mv:2190 misc:1661 imb:24 pmb:319 smb:9632 d:- ref:0 ;
in:417 out:418 type:b dur:2 cpbdur:2 q:40.98 aq:45.98 tex:15767 mv:2077 misc:1620 imb:27 pmb:305 smb:9643 d:- ref:0 ;
in:422 out:419 type:P dur:2 cpbdur:2 q:40.95 aq:37.26 tex:95869 mv:10362 misc:4249 imb:259 pmb:1391 smb:8325 d:- ref:0 ;
in:420 out:420 type:B dur:2 cpbdur:2 q:40.96 aq:43.19 tex:25265 mv:4710 misc:2481 imb:35 pmb:646 smb:9294 d:- ref:0 ;
in:419 out:421 type:b dur:2 cpbdur:2 q:40.97 aq:45.46 tex:15629 mv:2103 misc:1604 imb:32 pmb:303 smb:9640 d:- ref:0 ;
in:421 out:422 type:b dur:2 cpbdur:2 q:40.95 aq:42.35 tex:15930 mv:2290 misc:1708 imb:34 pmb:326 smb:9615 d:- ref:0 ;
in:426 out:423 type:P dur:2 cpbdur:2 q:40.91 aq:37.52 tex:91745 mv:10077 misc:4170 imb:253 pmb:1348 smb:8374 d:- ref:0 ;
in:424 out:424 type:B dur:2 cpbdur:2 q:40.93 aq:41.49 tex:26530 mv:4562 misc:2468 imb:43 pmb:600 smb:9332 d:- ref:0 ;
in:423 out:425 type:b dur:2 cpbdur:2 q:40.94 aq:45.31 tex:15292 mv:2425 misc:1627 imb:35 pmb:309 smb:9631 d:- ref:0 ;
in:425 out:426 type:b dur:2 cpbdur:2 q:40.92 aq:42.16 tex:16675 mv:2604 misc:1633 imb:35 pmb:328 smb:9612 d:- ref:0 ;
in:430 out:427 type:P dur:2 cpbdur:2 q:40.87 aq:37.29 tex:95246 mv:10442 misc:4152 imb:275 pmb:1366 smb:8334 d:- ref:0 ;
in:428 out:428 type:B dur:2 cpbdur:2 q:40.89 aq:42.76 tex:26216 mv:4239 misc:2361 imb:33 pmb:600 smb:9342 d:- ref:0 ;
in:427 out:429 type:b dur:2 cpbdur:2 q:40.90 aq:42.95 tex:14949 mv:1820 misc:1543 imb:21 pmb:305 smb:9649 d:- ref:0 ;
in:429 out:430 type:b dur:2 cpbdur:2 q:40.88 aq:44.56 tex:15717 mv:2071 misc:1564 imb:26 pmb:289 smb:9660 d:- ref:0 ;
in:434 out:431 type:P dur:2 cpbdur:2 q:40.83 aq:36.48 tex:100901 mv:10413 misc:4382 imb:276 pmb:1380 smb:8319 d:- ref:0 ;
in:432 out:432 type:B dur:2 cpbdur:2 q:40.85 aq:42.85 tex:25541 mv:4776 misc:2515 imb:57 pmb:634 smb:9284 d:- ref:0 ;
in:431 out:433 type:b dur:2 cpbdur:2 q:40.86 aq:45.73 tex:18595 mv:2249 misc:1652 imb:34 pmb:321 smb:9620 d:- ref:0 ;
in:433 out:434 type:b dur:2 cpbdur:2 q:40.84 aq:44.07 tex:16285 mv:2224 misc:1587 imb:27 pmb:298 smb:9650 d:- ref:0 ;
in:438 out:435 type:P dur:2 cpbdur:2 q:40.80 aq:37.52 tex:102196 mv:10130 misc:4186 imb:250 pmb:1404 smb:8321 d:- ref:0 ;
in:436 out:436 type:B dur:2 cpbdur:2 q:40.82 aq:43.50 tex:25061 mv:4264 misc:2491 imb:41 pmb:597 smb:9337 d:- ref:0 ;
in:435 out:437 type:b dur:2 cpbdur:2 q:40.82 aq:44.14 tex:17559 mv:1919 misc:1594 imb:21 pmb:290 smb:9664 d:- ref:0 ;
in:437 out:438 type:b dur:2 cpbdur:2 q:40.81 aq:44.29 tex:17241 mv:1862 misc:1457 imb:29 pmb:263 smb:9683 d:- ref:0 ;
in:442 out:439 type:P dur:2 cpbdur:2 q:40.76 aq:37.62 tex:94889 mv:9656 misc:4079 imb:226 pmb:1349 smb:8400 d:- ref:0 ;
in:440 out:440 type:B dur:2 cpbdur:2 q:40.78 aq:42.93 tex:25418 mv:4166 misc:2312 imb:34 pmb:571 smb:9370 d:- ref:0 ;
in:439 out:441 type:b dur:2 cpbdur:2 q:40.79 aq:43.67 tex:15303 mv:1717 misc:1428 imb:24 pmb:254 smb:9697 d:- ref:0 ;
in:441 out:442 type:b dur:2 cpbdur:2 q:40.77 aq:43.11 tex:17616 mv:1839 misc:1465 imb:33 pmb:268 smb:9674 d:- ref:0 ;
in:446 out:443 type:P dur:2 cpbdur:2 q:40.71 aq:37.21 tex:91269 mv:9654 misc:4077 imb:271 pmb:1298 smb:8406 d:- ref:0 ;
in:444 out:444 type:B dur:2 cpbdur:2 q:40.74 aq:42.65 tex:27660 mv:4609 misc:2619 imb:56 pmb:629 smb:9290 d:- ref:0 ;
in:443 out:445 type:b dur:2 cpbdur:2 q:40.75 aq:45.65 tex:17146 mv:2024 misc:1670 imb:23 pmb:323 smb:9629 d:- ref:0 ;
in:445 out:446 type:b dur:2 cpbdur:2 q:40.73 aq:42.45 tex:16451 mv:1500 misc:1457 imb:19 pmb:271 smb:9685 d:- ref:0 ;
in:450 out:447 type:P dur:2 cpbdur:2 q:40.67 aq:37.52 tex:89774 mv:9393 misc:4009 imb:275 pmb:1247 smb:8453 d:- ref:0 ;
in:448 out:448 type:B dur:2 cpbdur:2 q:40.69 aq:43.44 tex:25624 mv:3899 misc:2365 imb:34 pmb:582 smb:9359 d:- ref:0 ;
in:447 out:449 type:b dur:2 cpbdur:2 q:40.70 aq:45.67 tex:16231 mv:1530 misc:1399 imb:22 pmb:246 smb:9707 d:- ref:0 ;
in:449 out:450 type:b dur:2 cpbdur:2 q:40.68 aq:45.56 tex:16601 mv:1925 misc:1578 imb:32 pmb:288 smb:9655 d:- ref:0 ;
in:454 out:451 type:P dur:2 cpbdur:2 q:40.63 aq:37.31 tex:86130 mv:8761 misc:3965 imb:252 pmb:1207 smb:8516 d:- ref:0 ;
in:452 out:452 type:B dur:2 cpbdur:2 q:40.65 aq:42.45 tex:25995 mv:3958 misc:2295 imb:31 pmb:568 smb:9376 d:- ref:0 ;
in:451 out:453 type:b dur:2 cpbdur:2 q:40.66 aq:44.84 tex:16722 mv:1985 misc:1445 imb:35 pmb:278 smb:9662 d:- ref:0 ;
in:453 out:454 type:b dur:2 cpbdur:2 q:40.64 aq:42.71 tex:15786 mv:1627 misc:1451 imb:18 pmb:270 smb:9687 d:- ref:0 ;
in:458 out:455 type:P dur:2 cpbdur:2 q:40.57 aq:37.70 tex:82065 mv:8019 misc:3700 imb:243 pmb:1092 smb:8640 d:- ref:0 ;
in:456 out:456 type:B dur:2 cpbdur:2 q:40.60 aq:44.29 tex:25314 mv:3791 misc:2215 imb:25 pmb:540 smb:9410 d:- ref:0 ;
in:455 out:457 type:b dur:2 cpbdur:2 q:40.61 aq:43.44 tex:18024 mv:1902 misc:1474 imb:35 pmb:272 smb:9668 d:- ref:0 ;
in:457 out:458 type:b dur:2 cpbdur:2 q:40.59 aq:42.10 tex:17712 mv:1629 misc:1347 imb:29 pmb:251 smb:9695 d:- ref:0 ;
in:462 out:459 type:P dur:2 cpbdur:2 q:40.52 aq:38.38 tex:70164 mv:7157 misc:3295 imb:175 pmb:984 smb:8816 d:- ref:0 ;
in:460 out:460 type:B dur:2 cpbdur:2 q:40.54 aq:39.47 tex:24809 mv:4144 misc:2279 imb:47 pmb:557 smb:9371 d:- ref:0 ;
in:459 out:461 type:b dur:2 cpbdur:2 q:40.56 aq:45.84 tex:17254 mv:1752 misc:1498 imb:28 pmb:288 smb:9659 d:- ref:0 ;
in:461 out:462 type:b dur:2 cpbdur:2 q:40.53 aq:41.42 tex:18904 mv:1714 misc:1494 imb:28 pmb:274 smb:9673 d:- ref:0 ;
in:466 out:463 type:P dur:2 cpbdur:2 q:40.46 aq:38.95 tex:61879 mv:7665 misc:3264 imb:283 pmb:961 smb:8731 d:- ref:0 ;
in:464 out:464 type:B dur:2 cpbdur:2 q:40.49 aq:42.66 tex:24540 mv:4154 misc:2330 imb:42 pmb:557 smb:9376 d:- ref:0 ;
in:463 out:465 type:b dur:2 cpbdur:2 q:40.50 aq:45.88 tex:17133 mv:1629 misc:1406 imb:21 pmb:267 smb:9687 d:- ref:0 ;
in:465 out:466 type:b dur:2 cpbdur:2 q:40.47 aq:45.35 tex:15916 mv:1912 misc:1548 imb:25 pmb:292 smb:9658 d:- ref:0 ;
in:470 out:467 type:P dur:2 cpbdur:2 q:40.39 aq:38.92 tex:57453 mv:7489 misc:3194 imb:228 pmb:910 smb:8837 d:- ref:0 ;
in:468 out:468 type:B dur:2 cpbdur:2 q:40.42 aq:42.00 tex:28268 mv:4999 misc:2493 imb:50 pmb:680 smb:9245 d:- ref:0 ;
in:467 out:469 type:b dur:2 cpbdur:2 q:40.44 aq:44.59 tex:20233 mv:2035 misc:1572 imb:36 pmb:302 smb:9637 d:- ref:0 ;
in:469 out:470 type:b dur:2 cpbdur:2 q:40.40 aq:42.18 tex:17656 mv:2183 misc:1665 imb:32 pmb:324 smb:9619 d:- ref:0 ;
in:473 out:471 type:P dur:2 cpbdur:2 q:40.32 aq:42.86 tex:34020 mv:6029 misc:2815 imb:195 pmb:699 smb:9081 d:- ref:0 ;
in:471 out:472 type:B dur:2 cpbdur:2 q:40.36 aq:43.05 tex:24974 mv:3938 misc:2200 imb:45 pmb:517 smb:9413 d:- ref:0 ;
in:472 out:473 type:b dur:2 cpbdur:2 q:40.34 aq:43.83 tex:18553 mv:2724 misc:1763 imb:35 pmb:381 smb:9559 d:- ref:0 ;
